//TEST
ipinfo.io
2ip.io
fast.com
//POCKETCASTS
pocketcasts.com
www.pocketcasts.com
api.pocketcasts.com
pca.st
//XBOX
xbox.com
xboxlive.com
www.xboxlive.com
xboxservices.com
xsts.auth.xboxlive.com
user.auth.xboxlive.com
//NINTENDO
nintendo.net
nintendo.com
accounts.nintendo.com
//EGS
epicgames.com
www.epicgames.com
store.epicgames.com
accounts.epicgames.com
launcher.store.epicgames.com
//UBISOFT
ubi.com
ubisoft.com
accounts.ubisoft.com
connect.ubisoft.com
uplay.ubisoft.com
ubiservices.ubi.com
//WBGAMES
wbgames.com
wizardingworld.com
wbagora.com
//BUNGIE
bungie.net
bungie.com
bungiegames.com
//PLAYFAB_NET
playfabapi.com
playfab.com
azureplayfab.com
//VOKINO
filmix.tv
filmix.cc
filmix.my
vokino.tv
vokino.pro
cdn.videobase.biz
api.vokino.pro
api.vokino.tv
bottod.pro
proxy.vokino.pro
vokino.org
vokino.co
web.vokino.pro
web.vokino.org
web.vokino.co
web.vokino.tv
videocdn.biz
//ETC
consolemods.org
cfw.guide
eurogamer.net
grouvee.com
b-cdn.net
www.grouvee.com
nme.com
www.dailymotion.com
www.iqair.com
flibusta.su
tailscale.com
mirror.podkop.net
podkop.net
//GITHUB
github.com
raw.githubusercontent.com 
