//TEST
www.myip.com
myip.com
fast.com
//POCKETCASTS
pocketcasts.com
www.pocketcasts.com
api.pocketcasts.com
pca.st
//XBOX
xboxlive.com
www.xboxlive.com
xbox.com
xsts.auth.xboxlive.com
user.auth.xboxlive.com
xboxservices.com
microsoft.com
//NINTENDO
nintendo.net
nintendo.com
aauth.p01.lp1.ndas.srv.nintendo.net
accounts.nintendo.com
api.p01.lp1.ctest.srv.nintendo.net
aqua.p01.lp1.d4c.srv.nintendo.net
atumn.p01.lp1.d4c.srv.nintendo.net
c-lp1.accounts.nintendo.com
ctest-dl.p01.lp1.ctest.srv.nintendo.net
ctest-ul.p01.lp1.ctest.srv.nintendo.net
ctest.cdn.nintendo.net
ctest.p01.ctest.srv.nintendo.net
dauth.p01.lp1.ndas.srv.nintendo.net
sun.p01.lp1.d4c.srv.nintendo.net
//STEAM
steam-api.com
steam-chat.com
steamcommunity.com
steamcontent.com
steamdeck.com
steamgames.com
steampowered.com
steamserver.net
steamstatic.com
steamusercontent.com
underlords.com
valvesoftware.com
//FORTNITE AND EGS
accountportal-website-prod07.ol.epicgames.com
account-public-service-prod03.ol.epicgames.com
accounts.epicgames.com
accounts.launcher-website-prod07.ol.epicgames.com
catalog-public-service-prod06.ol.epicgames.com
cdn1.unrealengine.com
cdn2.unrealengine.com
cubicmotion.com
datarouter.ol.epicgames.com
datastorage-public-service-liveegs.live.use1a.on.epicgames.com
dev.epicgames.com
download.epicgames.com
download2.epicgames.com
download3.epicgames.com
download4.epicgames.com
eac-cdn.com
easy.ac
easyanticheat.net
entitlement-public-service-prod08.ol.epicgames.com
epicgames-download1.akamaized.net
epicgames.com
www.epicgames.com
epicgames.dev
epicgames.net
epicgames.org
epicgamescdn.com
eulatracking-public-service-prod.ol.epicgames.com
fastly-download.epicgames.com/
fortnite.com
friends-public-service-prod06.ol.epicgames.com
js.hcaptcha.com
launcher-public-service-prod06.ol.epicgames.com
launcher-website-prod07.ol.epicgames.com
launcher.store.epicgames.com/
launcherwaitingroom-public-service-prod06.ol.epicgames.com
library-service.live.use1a.on.epicgames.com
lightswitch-public-service-prod06.ol.epicgames.com
orderprocessor-public-service-ecomprod01.ol.epicgames.com
priceengine-public-service-ecomprod01.ol.epicgames.com
static-assets-prod.epicgames.com
status.epicgames.com
store-content.ak.epicgames.com
store-site-backend-static.ak.epicgames.com
store.epicgames.com
support.epicgames.com
tracking.epicgames.com
unrealengine.com
unrealtournament.com
ut-public-service-prod10.ol.epicgames.com
xmpp-service-prod.ol.epicgames.com
//ETC
grouvee.com
consolemods.org
cfw.guide
