//TEST
www.myip.com
myip.com
fast.com
2ip.io
//REDDIT
www.reddit.com
reddit.com
//POCKETCASTS
pocketcasts.com
www.pocketcasts.com
api.pocketcasts.com
pca.st
//XBOX
live.com
bing.com
xboxlive.com
www.xboxlive.com
xbox.com
xsts.auth.xboxlive.com
user.auth.xboxlive.com
xboxservices.com
microsoft.com
//NINTENDO
nintendo.net
nintendo.com
aauth.p01.lp1.ndas.srv.nintendo.net
accounts.nintendo.com
api.p01.lp1.ctest.srv.nintendo.net
aqua.p01.lp1.d4c.srv.nintendo.net
atumn.p01.lp1.d4c.srv.nintendo.net
c-lp1.accounts.nintendo.com
ctest-dl.p01.lp1.ctest.srv.nintendo.net
ctest-ul.p01.lp1.ctest.srv.nintendo.net
ctest.cdn.nintendo.net
ctest.p01.ctest.srv.nintendo.net
dauth.p01.lp1.ndas.srv.nintendo.net
sun.p01.lp1.d4c.srv.nintendo.net
//PLAYSTATION
playstation.com
playstation.net
sonyentertainmentnetwork.com
gaikai.com
playstation-cloud.net
sie.sony.com
sony.com
store.playstation.com
direct.playstation.com
gmedia.playstation.com
auth.api.sonyentertainmentnetwork.com
playstation-cloud.net
//STEAM
steam-api.com
steam-chat.com
steamcommunity.com
steamcontent.com
steamdeck.com
steamgames.com
steampowered.com
steamserver.net
steamstatic.com
steamusercontent.com
valvesoftware.com
//EGS
epicgames.com
www.epicgames.com
epicgames.dev
epicgames.net
epicgames.org
fortnite.com
store.epicgames.com
accounts.epicgames.com
launcher.store.epicgames.com
support.epicgames.com
tracking.epicgames.com
//GOG
cdn.gog.com
gog.com
//WARNER BROS GAMES
wbgames.com
wizardingworld.com
wbagora.com
//VOKINO
filmix.tv
filmix.cc
filmix.my
vokino.tv
vokino.pro
cdn.videobase.biz
api.vokino.pro
api.vokino.tv
bottod.pro
proxy.vokino.pro
vokino.org
vokino.co
web.vokino.pro
web.vokino.org
web.vokino.co
web.vokino.tv
//ETC
grouvee.com
www.grouvee.com
consolemods.org
cfw.guide
nme.com
www.dailymotion.com
www.iqair.com
tvtime.com
app.tvtime.com
flibusta.su
b-cdn.net
githubusercontent.com
raw.githubusercontent.com
