accountportal-website-prod07.ol.epicgames.com
accounts.launcher-website-prod07.ol.epicgames.com
account-public-service-prod03.ol.epicgames.com
catalog-public-service-prod06.ol.epicgames.com
cdn1.unrealengine.com
cdn2.unrealengine.com
cubicmotion.com
datarouter.ol.epicgames.com
datastorage-public-service-liveegs.live.use1a.on.epicgames.com
dev.epicgames.com
download2.epicgames.com
download3.epicgames.com
download4.epicgames.com
download.epicgames.com
eac-cdn.com
entitlement-public-service-prod08.ol.epicgames.com
epicgamescdn.com
epicgames-download1.akamaized.net
eulatracking-public-service-prod.ol.epicgames.com
fastly-download.epicgames.com
friends-public-service-prod06.ol.epicgames.com
launcherwaitingroom-public-service-prod06.ol.epicgames.com
launcher-public-service-prod06.ol.epicgames.com
launcher-website-prod07.ol.epicgames.com
library-service.live.use1a.on.epicgames.com
lightswitch-public-service-prod06.ol.epicgames.com
orderprocessor-public-service-ecomprod01.ol.epicgames.com
priceengine-public-service-ecomprod01.ol.epicgames.com
static-assets-prod.epicgames.com
store-content.ak.epicgames.com
store-site-backend-static.ak.epicgames.com
unrealengine.com
ut-public-service-prod10.ol.epicgames.com
xmpp-service-prod.ol.epicgames.com
